MySQL Shell 8.0.12

Copyright (c) 2016, 2018, Oracle and/or its affiliates. All rights reserved.

Oracle is a registered trademark of Oracle Corporation and/or its
affiliates. Other names may be trademarks of their respective
owners.

Type '\help' or '\?' for help; '\quit' to exit.


 MySQL  JS > \connect -mc root@localhost
Creating a Classic session to 'root@localhost'
Please provide the password for 'root@localhost': ****
MySQL Error 1045 (28000): Access denied for user 'root'@'localhost' (using password: YES)

 MySQL  JS > \connect -mc root@localhost:3307
Creating a Classic session to 'root@localhost:3307'
Please provide the password for 'root@localhost:3307': ****
Save password for 'root@localhost:3307'? [Y]es/[N]o/Ne[v]er (default No): n
Fetching schema names for autocompletion... Press ^C to stop.
Your MySQL connection id is 8
Server version: 8.0.12 MySQL Community Server - GPL
No default schema selected; type \use <schema> to set one.

 MySQL  localhost:3307 ssl  JS > \sql
Switching to SQL mode... Commands end with ;

 MySQL  localhost:3307 ssl  SQL > use sakila
Default schema set to `sakila`.
Fetching table and column names from `sakila` for auto-completion... Press ^C to stop.

 MySQL  localhost:3307 ssl  sakila  SQL > create table master_2(id_master int key auto_increment, id_2 varchar(50) key);
ERROR: 1068 (42000): Multiple primary key defined

 MySQL  localhost:3307 ssl  sakila  SQL > create table master_2(id_master int, nombre varchar(10), primary key(id_master, nombre));
Query OK, 0 rows affected (1.6672 sec)

 MySQL  localhost:3307 ssl  sakila  SQL > show create table master_2;
+----------+----------------------------------------------------------------------------------------------------------------------------------------------------------------------------------------------------+
| Table    | Create Table                                                                                                                                                                                       |
+----------+----------------------------------------------------------------------------------------------------------------------------------------------------------------------------------------------------+
| master_2 | CREATE TABLE `master_2` (
  `id_master` int(11) NOT NULL,
  `nombre` varchar(10) NOT NULL,
  PRIMARY KEY (`id_master`,`nombre`)
) ENGINE=InnoDB DEFAULT CHARSET=utf8mb4 COLLATE=utf8mb4_0900_ai_ci |
+----------+----------------------------------------------------------------------------------------------------------------------------------------------------------------------------------------------------+
1 row in set (0.1844 sec)

 MySQL  localhost:3307 ssl  sakila  SQL > aler table master_2 drop primary key;
ERROR: 1064 (42000): You have an error in your SQL syntax; check the manual that corresponds to your MySQL server version for the right syntax to use near 'aler table master_2 drop primary key' at line 1

 MySQL  localhost:3307 ssl  sakila  SQL > alter table master_2 drop primary key;
Query OK, 0 rows affected (1.9488 sec)

Records: 0  Duplicates: 0  Warnings: 0

 MySQL  localhost:3307 ssl  sakila  SQL > show create table master_2;
+----------+--------------------------------------------------------------------------------------------------------------------------------------------------------------+
| Table    | Create Table                                                                                                                                                 |
+----------+--------------------------------------------------------------------------------------------------------------------------------------------------------------+
| master_2 | CREATE TABLE `master_2` (
  `id_master` int(11) NOT NULL,
  `nombre` varchar(10) NOT NULL
) ENGINE=InnoDB DEFAULT CHARSET=utf8mb4 COLLATE=utf8mb4_0900_ai_ci |
+----------+--------------------------------------------------------------------------------------------------------------------------------------------------------------+
1 row in set (0.0004 sec)

 MySQL  localhost:3307 ssl  sakila  SQL > alter table master_2 add primary key(id_master, nombre);
Query OK, 0 rows affected (0.7396 sec)

Records: 0  Duplicates: 0  Warnings: 0

 MySQL  localhost:3307 ssl  sakila  SQL > show create table master_2;
+----------+----------------------------------------------------------------------------------------------------------------------------------------------------------------------------------------------------+
| Table    | Create Table                                                                                                                                                                                       |
+----------+----------------------------------------------------------------------------------------------------------------------------------------------------------------------------------------------------+
| master_2 | CREATE TABLE `master_2` (
  `id_master` int(11) NOT NULL,
  `nombre` varchar(10) NOT NULL,
  PRIMARY KEY (`id_master`,`nombre`)
) ENGINE=InnoDB DEFAULT CHARSET=utf8mb4 COLLATE=utf8mb4_0900_ai_ci |
+----------+----------------------------------------------------------------------------------------------------------------------------------------------------------------------------------------------------+
1 row in set (0.0004 sec)

 MySQL  localhost:3307 ssl  sakila  SQL > create table detail_2(id_detail int key auto_increment, id_master int, nombre varchar(10), foreign key(id_master, nombre) references master_2(id_master, nombre));
Query OK, 0 rows affected (0.3955 sec)

 MySQL  localhost:3307 ssl  sakila  SQL > desc master_2;
+-----------+-------------+------+-----+---------+-------+
| Field     | Type        | Null | Key | Default | Extra |
+-----------+-------------+------+-----+---------+-------+
| id_master | int(11)     | NO   | PRI | NULL    |       |
| nombre    | varchar(10) | NO   | PRI | NULL    |       |
+-----------+-------------+------+-----+---------+-------+
2 rows in set (0.0582 sec)

 MySQL  localhost:3307 ssl  sakila  SQL > desc detail_2;
+-----------+-------------+------+-----+---------+----------------+
| Field     | Type        | Null | Key | Default | Extra          |
+-----------+-------------+------+-----+---------+----------------+
| id_detail | int(11)     | NO   | PRI | NULL    | auto_increment |
| id_master | int(11)     | YES  | MUL | NULL    |                |
| nombre    | varchar(10) | YES  |     | NULL    |                |
+-----------+-------------+------+-----+---------+----------------+
3 rows in set (0.0019 sec)

 MySQL  localhost:3307 ssl  sakila  SQL > insert into master_2 values(1,'Hola'),(2,'Mundo'),(3,'Cruel');
Query OK, 3 rows affected (0.1602 sec)

Records: 3  Duplicates: 0  Warnings: 0

 MySQL  localhost:3307 ssl  sakila  SQL > select * from master_2;
MySQL Shell 8.0.12

Copyright (c) 2016, 2018, Oracle and/or its affiliates. All rights reserved.

Oracle is a registered trademark of Oracle Corporation and/or its
affiliates. Other names may be trademarks of their respective
owners.

Type '\help' or '\?' for help; '\quit' to exit.


 MySQL  JS > \connect -mc root@localhost:3307
Creating a Classic session to 'root@localhost:3307'
Please provide the password for 'root@localhost:3307': ****
Save password for 'root@localhost:3307'? [Y]es/[N]o/Ne[v]er (default No): n
Fetching schema names for autocompletion... Press ^C to stop.
Your MySQL connection id is 9
Server version: 8.0.12 MySQL Community Server - GPL
No default schema selected; type \use <schema> to set one.

 MySQL  localhost:3307 ssl  JS > \sql
Switching to SQL mode... Commands end with ;

 MySQL  localhost:3307 ssl  SQL > use sakila
Default schema set to `sakila`.
Fetching table and column names from `sakila` for auto-completion... Press ^C to stop.

 MySQL  localhost:3307 ssl  sakila  SQL > create table banco(id_banco int key auto_increment, nombre varchar(50) not null);
Query OK, 0 rows affected (0.5669 sec)

 MySQL  localhost:3307 ssl  sakila  SQL > create table clientes_banco(id_cliente int key auto_increment, nombre varchar(50) not null);
Query OK, 0 rows affected (0.4252 sec)

 MySQL  localhost:3307 ssl  sakila  SQL > create table tarjetas(id_tarjeta int key auto_increment, nombre varchar(50) not null,  id_banco int not null, foreign key(id_banco) references banco(id_banco) on delete restrict on update cascade);
Query OK, 0 rows affected (0.3979 sec)

 MySQL  localhost:3307 ssl  sakila  SQL > insert into banco(nombre) values('American Express'),('CitiBank'),('Diners Club'),('GE Capital');
Query OK, 4 rows affected (0.0964 sec)

Records: 4  Duplicates: 0  Warnings: 0

 MySQL  localhost:3307 ssl  sakila  SQL > insert into clientes_banco(nombre) values('Karly M Soria'),('Ruby Holder'),('Hola'),('Adios');
Query OK, 4 rows affected (0.0975 sec)

Records: 4  Duplicates: 0  Warnings: 0

 MySQL  localhost:3307 ssl  sakila  SQL > show tables;
+----------------------------+
| Tables_in_sakila           |
+----------------------------+
| actor                      |
| actor_info                 |
| address                    |
| banco                      |
| category                   |
| city                       |
| clientes_banco             |
| country                    |
| customer                   |
| customer_list              |
| detail_2                   |
| film                       |
| film_actor                 |
| film_category              |
| film_list                  |
| film_text                  |
| inventory                  |
| language                   |
| master_2                   |
| nicer_but_slower_film_list |
| ordenes                    |
| payment                    |
| rental                     |
| sales_by_film_category     |
| sales_by_store             |
| staff                      |
| staff_list                 |
| store                      |
| tarjetas                   |
| ventas_anuales             |
+----------------------------+
30 rows in set (0.0017 sec)

 MySQL  localhost:3307 ssl  sakila  SQL > desc tarjetas;
+------------+-------------+------+-----+---------+----------------+
| Field      | Type        | Null | Key | Default | Extra          |
+------------+-------------+------+-----+---------+----------------+
| id_tarjeta | int(11)     | NO   | PRI | NULL    | auto_increment |
| nombre     | varchar(50) | NO   |     | NULL    |                |
| id_banco   | int(11)     | NO   | MUL | NULL    |                |
+------------+-------------+------+-----+---------+----------------+
3 rows in set (0.0021 sec)

 MySQL  localhost:3307 ssl  sakila  SQL > insert into tarjetas values(1,'American Express',1),(2,'Master Card',2),(3,'Otra',3),(4,'Otra mas',4);
Query OK, 4 rows affected (0.1352 sec)

Records: 4  Duplicates: 0  Warnings: 0

 MySQL  localhost:3307 ssl  sakila  SQL > create table asignacion_tarjetas(card_number varchar(20) key not null, id_tarjeta int not null, id_cliente int not null, fecha_emision date not null, fecha_expiracion date not null, pin int not null, foreign key(id_tarjeta) references tarjetas(id_tarjeta) on delete restrict on update cascade, foreign key(id_cliente) references clientes_banco(id_cliente) on delete restrict on update cascade);
Query OK, 0 rows affected (0.4993 sec)

 MySQL  localhost:3307 ssl  sakila  SQL >


